2026-10-02T20:07:31.436+00:00 Soup Doctor - checking your environment...
2026-10-02T20:07:31.436+00:00 
2026-10-02T20:07:31.437+00:00 ╭─────────────────────────────────── System ───────────────────────────────────╮
2026-10-02T20:07:31.437+00:00 │ Python:   3.11.14                                                            │
2026-10-02T20:07:31.437+00:00 │ Platform: Linux 6.6.122+                                                     │
2026-10-02T20:07:31.437+00:00 │ Arch:     x86_64                                                             │
2026-10-02T20:07:31.437+00:00 ╰──────────────────────────────────────────────────────────────────────────────╯
2026-10-02T20:07:33.081+00:00 ╭──────────────────────────────────── GPU ─────────────────────────────────────╮
2026-10-02T20:07:33.081+00:00 │ CUDA:     available (v12.4)                                                  │
2026-10-02T20:07:33.081+00:00 │ GPUs:     1                                                                  │
2026-10-02T20:07:33.081+00:00 │   GPU 0: Tesla T4 (14.6 GB)                                                  │
2026-10-02T20:07:33.081+00:00 ╰──────────────────────────────────────────────────────────────────────────────╯
2026-10-02T20:07:33.092+00:00     System Resources     
2026-10-02T20:07:33.092+00:00 ┏━━━━━━━━━━┳━━━━━━━━━━━━┓
2026-10-02T20:07:33.092+00:00 ┃ Resource ┃ Value      ┃
2026-10-02T20:07:33.092+00:00 ┡━━━━━━━━━━╇━━━━━━━━━━━━┩
2026-10-02T20:07:33.092+00:00 │ RAM      │ 13 GB      │
2026-10-02T20:07:33.092+00:00 │ Disk     │ 60 GB free │
2026-10-02T20:07:33.092+00:00 └──────────┴────────────┘
2026-10-02T20:07:33.092+00:00 
2026-10-02T20:07:39.391+00:00                              Dependencies                              
2026-10-02T20:07:39.392+00:00 ┏━━━━━━━━━━━━━━┳━━━━━━━━━━┳━━━━━━━━━━━━━┳━━━━━━━━━━━━━┳━━━━━━━━━━━━━━━┓
2026-10-02T20:07:39.393+00:00 ┃ Package      ┃ Required ┃  Installed  ┃ Min Version ┃ Status        ┃
2026-10-02T20:07:39.393+00:00 ┡━━━━━━━━━━━━━━╇━━━━━━━━━━╇━━━━━━━━━━━━━╇━━━━━━━━━━━━━╇━━━━━━━━━━━━━━━┩
2026-10-02T20:07:39.393+00:00 │ pydantic     │   yes    │   2.13.5    │ >=2.0.0     │ OK            │
2026-10-02T20:07:39.393+00:00 │ typer        │   yes    │   0.20.1    │ >=0.9.0     │ OK            │
2026-10-02T20:07:39.393+00:00 │ rich         │   yes    │   15.0.0    │ >=13.0.0    │ OK            │
2026-10-02T20:07:39.393+00:00 │ pyyaml       │   yes    │    6.0.3    │ >=6.0       │ OK            │
2026-10-02T20:07:39.393+00:00 │ plotext      │   yes    │    6.1.0    │ >=5.2.0     │ OK            │
2026-10-02T20:07:39.393+00:00 │ fastapi      │ optional │      -      │ >=0.104.0   │ not installed │
2026-10-02T20:07:39.393+00:00 │ uvicorn      │ optional │      -      │ >=0.24.0    │ not installed │
2026-10-02T20:07:39.393+00:00 │ datasketch   │ optional │      -      │ >=1.6.0     │ not installed │
2026-10-02T20:07:39.393+00:00 │ lm-eval      │ optional │      -      │ >=0.4.0     │ not installed │
2026-10-02T20:07:39.393+00:00 │ wandb        │ optional │      -      │ >=0.15.0    │ not installed │
2026-10-02T20:07:39.393+00:00 │ deepspeed    │ optional │      -      │ >=0.12.0    │ not installed │
2026-10-02T20:07:39.393+00:00 │ httpx        │ optional │   0.28.1    │ >=0.24.0    │ OK            │
2026-10-02T20:07:39.393+00:00 │ unsloth      │ optional │      -      │ >=2024.8    │ not installed │
2026-10-02T20:07:39.393+00:00 │ Pillow       │ optional │   12.3.0    │ >=9.0.0     │ OK            │
2026-10-02T20:07:39.393+00:00 │ torchao      │ optional │      -      │ >=0.4.0     │ not installed │
2026-10-02T20:07:39.393+00:00 │ sglang       │ optional │      -      │ >=0.2.0     │ not installed │
2026-10-02T20:07:39.393+00:00 │ librosa      │ optional │      -      │ >=0.10.0    │ not installed │
2026-10-02T20:07:39.393+00:00 │ torch        │ [train]  │ 2.6.0+cu124 │ >=2.6.0     │ OK            │
2026-10-02T20:07:39.393+00:00 │ transformers │ [train]  │   5.16.1    │ >=5.16.1    │ OK            │
2026-10-02T20:07:39.393+00:00 │ peft         │ [train]  │   0.20.0    │ >=0.20.0    │ OK            │
2026-10-02T20:07:39.393+00:00 │ trl          │ [train]  │   0.29.0    │ >=0.29.0    │ OK            │
2026-10-02T20:07:39.393+00:00 │ datasets     │ [train]  │    5.0.1    │ >=2.14.0    │ OK            │
2026-10-02T20:07:39.393+00:00 │ bitsandbytes │ [train]  │   0.50.2    │ >=0.41.0    │ OK            │
2026-10-02T20:07:39.393+00:00 │ accelerate   │ [train]  │   1.15.0    │ >=0.27.0    │ OK            │
2026-10-02T20:07:39.393+00:00 └──────────────┴──────────┴─────────────┴─────────────┴───────────────┘
2026-10-02T20:07:39.393+00:00 
2026-10-02T20:07:39.393+00:00 All checks passed! Your environment is ready.
2026-10-02T20:07:39.393+00:00 
2026-10-02T20:07:39.393+00:00 GitHub: https://github.com/MakazhanAlpamys/Soup
