Looking in indexes: https://pypi.org/simple, https://download.pytorch.org/whl/cu124
Collecting soup-cli==0.75.2 (from soup-cli[train]==0.75.2->-r requirements.txt (line 3))
  Downloading soup_cli-0.75.2-py3-none-any.whl.metadata (29 kB)
Collecting pytest<10,>=8 (from -r requirements.txt (line 4))
  Downloading pytest-9.1.1-py3-none-any.whl.metadata (7.6 kB)
Collecting reportlab<6,>=4 (from -r requirements.txt (line 5))
  Downloading reportlab-5.0.1-py3-none-any.whl.metadata (1.6 kB)
Collecting pypdf<7,>=5 (from -r requirements.txt (line 6))
  Downloading pypdf-6.19.0-py3-none-any.whl.metadata (7.5 kB)
Collecting ruff<1,>=0.12 (from -r requirements.txt (line 7))
  Downloading ruff-0.16.10-py3-none-manylinux_2_17_x86_64.manylinux2014_x86_64.whl.metadata (20 kB)
Collecting huggingface-hub>=0.16.0 (from soup-cli==0.75.2->soup-cli[train]==0.75.2->-r requirements.txt (line 3))
  Downloading huggingface_hub-2.1.1-py3-none-any.whl.metadata (16 kB)
Requirement already satisfied: packaging>=21.0 in ./.colab-venv/lib/python3.11/site-packages (from soup-cli==0.75.2->soup-cli[train]==0.75.2->-r requirements.txt (line 3)) (26.3)
Collecting plotext>=5.2.0 (from soup-cli==0.75.2->soup-cli[train]==0.75.2->-r requirements.txt (line 3))
  Downloading plotext-6.1.0-py3-none-manylinux_2_17_x86_64.manylinux2014_x86_64.whl.metadata (7.9 kB)
Collecting pydantic>=2.0.0 (from soup-cli==0.75.2->soup-cli[train]==0.75.2->-r requirements.txt (line 3))
  Downloading pydantic-2.13.5-py3-none-any.whl.metadata (110 kB)
Collecting pyyaml>=6.0 (from soup-cli==0.75.2->soup-cli[train]==0.75.2->-r requirements.txt (line 3))
  Downloading pyyaml-6.0.3-cp311-cp311-manylinux2014_x86_64.manylinux_2_17_x86_64.manylinux_2_28_x86_64.whl.metadata (2.4 kB)
Collecting rich>=13.0.0 (from soup-cli==0.75.2->soup-cli[train]==0.75.2->-r requirements.txt (line 3))
  Downloading rich-15.0.0-py3-none-any.whl.metadata (18 kB)
Collecting typer<0.21.0,>=0.9.0 (from soup-cli==0.75.2->soup-cli[train]==0.75.2->-r requirements.txt (line 3))
  Downloading typer-0.20.1-py3-none-any.whl.metadata (16 kB)
Collecting accelerate>=0.27.0 (from soup-cli[train]==0.75.2->-r requirements.txt (line 3))
  Downloading accelerate-1.15.0-py3-none-any.whl.metadata (19 kB)
Collecting bitsandbytes>=0.41.0 (from soup-cli[train]==0.75.2->-r requirements.txt (line 3))
  Downloading bitsandbytes-0.50.2-py3-none-manylinux_2_24_x86_64.whl.metadata (10 kB)
Collecting datasets>=2.14.0 (from soup-cli[train]==0.75.2->-r requirements.txt (line 3))
  Downloading datasets-5.0.1-py3-none-any.whl.metadata (23 kB)
Collecting peft<1.0.0,>=0.20.0 (from soup-cli[train]==0.75.2->-r requirements.txt (line 3))
  Downloading peft-0.20.0-py3-none-any.whl.metadata (14 kB)
Requirement already satisfied: torch>=2.6.0 in ./.colab-venv/lib/python3.11/site-packages (from soup-cli[train]==0.75.2->-r requirements.txt (line 3)) (2.6.0+cu124)
Collecting transformers<6.0.0,>=5.16.1 (from soup-cli[train]==0.75.2->-r requirements.txt (line 3))
  Downloading transformers-5.16.1-py3-none-any.whl.metadata (32 kB)
Collecting trl<1.0.0,>=0.29.0 (from soup-cli[train]==0.75.2->-r requirements.txt (line 3))
  Downloading trl-0.29.0-py3-none-any.whl.metadata (11 kB)
Collecting iniconfig>=1.0.1 (from pytest<10,>=8->-r requirements.txt (line 4))
  Downloading iniconfig-2.3.0-py3-none-any.whl.metadata (2.5 kB)
Collecting pluggy<2,>=1.5 (from pytest<10,>=8->-r requirements.txt (line 4))
  Downloading pluggy-1.6.0-py3-none-any.whl.metadata (4.8 kB)
Collecting pygments>=2.7.2 (from pytest<10,>=8->-r requirements.txt (line 4))
  Downloading pygments-2.21.0-py3-none-any.whl.metadata (2.5 kB)
Collecting pillow>=9.0.0 (from reportlab<6,>=4->-r requirements.txt (line 5))
  Downloading pillow-12.3.0-cp311-cp311-manylinux_2_27_x86_64.manylinux_2_28_x86_64.whl.metadata (9.1 kB)
Collecting charset-normalizer (from reportlab<6,>=4->-r requirements.txt (line 5))
  Downloading charset_normalizer-3.5.2-cp311-cp311-manylinux2014_x86_64.manylinux_2_17_x86_64.manylinux_2_28_x86_64.whl.metadata (46 kB)
Collecting numpy>=1.17 (from peft<1.0.0,>=0.20.0->soup-cli[train]==0.75.2->-r requirements.txt (line 3))
  Downloading numpy-2.4.6-cp311-cp311-manylinux_2_27_x86_64.manylinux_2_28_x86_64.whl.metadata (6.6 kB)
Collecting psutil (from peft<1.0.0,>=0.20.0->soup-cli[train]==0.75.2->-r requirements.txt (line 3))
  Downloading psutil-7.2.2-cp36-abi3-manylinux2010_x86_64.manylinux_2_12_x86_64.manylinux_2_28_x86_64.whl.metadata (22 kB)
Collecting tqdm (from peft<1.0.0,>=0.20.0->soup-cli[train]==0.75.2->-r requirements.txt (line 3))
  Downloading tqdm-4.70.1-py3-none-any.whl.metadata (57 kB)
Collecting safetensors (from peft<1.0.0,>=0.20.0->soup-cli[train]==0.75.2->-r requirements.txt (line 3))
  Downloading safetensors-0.8.0-cp310-abi3-manylinux_2_17_x86_64.manylinux2014_x86_64.whl.metadata (4.2 kB)
Collecting huggingface-hub>=0.16.0 (from soup-cli==0.75.2->soup-cli[train]==0.75.2->-r requirements.txt (line 3))
  Downloading huggingface_hub-1.33.0-py3-none-any.whl.metadata (16 kB)
Collecting regex>=2025.10.22 (from transformers<6.0.0,>=5.16.1->soup-cli[train]==0.75.2->-r requirements.txt (line 3))
  Downloading regex-2026.9.29-cp311-cp311-manylinux2014_x86_64.manylinux_2_17_x86_64.manylinux_2_28_x86_64.whl.metadata (40 kB)
Collecting tokenizers<0.24.0,>=0.23.1 (from transformers<6.0.0,>=5.16.1->soup-cli[train]==0.75.2->-r requirements.txt (line 3))
  Downloading tokenizers-0.23.2-cp310-abi3-manylinux_2_17_x86_64.manylinux2014_x86_64.whl.metadata (9.8 kB)
Collecting click<9.0.0,>=8.4.2 (from huggingface-hub>=0.16.0->soup-cli==0.75.2->soup-cli[train]==0.75.2->-r requirements.txt (line 3))
  Downloading click-8.5.0-py3-none-any.whl.metadata (2.6 kB)
Requirement already satisfied: filelock>=3.10.0 in ./.colab-venv/lib/python3.11/site-packages (from huggingface-hub>=0.16.0->soup-cli==0.75.2->soup-cli[train]==0.75.2->-r requirements.txt (line 3)) (4.0.9)
Requirement already satisfied: fsspec>=2023.5.0 in ./.colab-venv/lib/python3.11/site-packages (from huggingface-hub>=0.16.0->soup-cli==0.75.2->soup-cli[train]==0.75.2->-r requirements.txt (line 3)) (2026.9.0)
Collecting hf-xet<2.0.0,>=1.6.0 (from huggingface-hub>=0.16.0->soup-cli==0.75.2->soup-cli[train]==0.75.2->-r requirements.txt (line 3))
  Downloading hf_xet-1.6.0-cp38-abi3-manylinux2014_x86_64.manylinux_2_17_x86_64.whl.metadata (4.9 kB)
Collecting httpx<1,>=0.23.0 (from huggingface-hub>=0.16.0->soup-cli==0.75.2->soup-cli[train]==0.75.2->-r requirements.txt (line 3))
  Downloading httpx-0.28.1-py3-none-any.whl.metadata (7.1 kB)
Requirement already satisfied: typing-extensions>=4.1.0 in ./.colab-venv/lib/python3.11/site-packages (from huggingface-hub>=0.16.0->soup-cli==0.75.2->soup-cli[train]==0.75.2->-r requirements.txt (line 3)) (4.16.0)
Collecting anyio (from httpx<1,>=0.23.0->huggingface-hub>=0.16.0->soup-cli==0.75.2->soup-cli[train]==0.75.2->-r requirements.txt (line 3))
  Downloading anyio-4.15.1-py3-none-any.whl.metadata (4.7 kB)
Collecting certifi (from httpx<1,>=0.23.0->huggingface-hub>=0.16.0->soup-cli==0.75.2->soup-cli[train]==0.75.2->-r requirements.txt (line 3))
  Downloading certifi-2026.7.22-py3-none-any.whl.metadata (2.5 kB)
Collecting httpcore==1.* (from httpx<1,>=0.23.0->huggingface-hub>=0.16.0->soup-cli==0.75.2->soup-cli[train]==0.75.2->-r requirements.txt (line 3))
  Downloading httpcore-1.0.9-py3-none-any.whl.metadata (21 kB)
Collecting idna (from httpx<1,>=0.23.0->huggingface-hub>=0.16.0->soup-cli==0.75.2->soup-cli[train]==0.75.2->-r requirements.txt (line 3))
  Downloading idna-3.20-py3-none-any.whl.metadata (7.2 kB)
Collecting h11>=0.16 (from httpcore==1.*->httpx<1,>=0.23.0->huggingface-hub>=0.16.0->soup-cli==0.75.2->soup-cli[train]==0.75.2->-r requirements.txt (line 3))
  Downloading h11-0.16.0-py3-none-any.whl.metadata (8.3 kB)
Collecting shellingham>=1.3.0 (from typer<0.21.0,>=0.9.0->soup-cli==0.75.2->soup-cli[train]==0.75.2->-r requirements.txt (line 3))
  Downloading shellingham-1.5.4-py2.py3-none-any.whl.metadata (3.5 kB)
Requirement already satisfied: networkx in ./.colab-venv/lib/python3.11/site-packages (from torch>=2.6.0->soup-cli[train]==0.75.2->-r requirements.txt (line 3)) (3.6.1)
Requirement already satisfied: jinja2 in ./.colab-venv/lib/python3.11/site-packages (from torch>=2.6.0->soup-cli[train]==0.75.2->-r requirements.txt (line 3)) (3.1.6)
Requirement already satisfied: nvidia-cuda-nvrtc-cu12==12.4.127 in ./.colab-venv/lib/python3.11/site-packages (from torch>=2.6.0->soup-cli[train]==0.75.2->-r requirements.txt (line 3)) (12.4.127)
Requirement already satisfied: nvidia-cuda-runtime-cu12==12.4.127 in ./.colab-venv/lib/python3.11/site-packages (from torch>=2.6.0->soup-cli[train]==0.75.2->-r requirements.txt (line 3)) (12.4.127)
Requirement already satisfied: nvidia-cuda-cupti-cu12==12.4.127 in ./.colab-venv/lib/python3.11/site-packages (from torch>=2.6.0->soup-cli[train]==0.75.2->-r requirements.txt (line 3)) (12.4.127)
Requirement already satisfied: nvidia-cudnn-cu12==9.1.0.70 in ./.colab-venv/lib/python3.11/site-packages (from torch>=2.6.0->soup-cli[train]==0.75.2->-r requirements.txt (line 3)) (9.1.0.70)
Requirement already satisfied: nvidia-cublas-cu12==12.4.5.8 in ./.colab-venv/lib/python3.11/site-packages (from torch>=2.6.0->soup-cli[train]==0.75.2->-r requirements.txt (line 3)) (12.4.5.8)
Requirement already satisfied: nvidia-cufft-cu12==11.2.1.3 in ./.colab-venv/lib/python3.11/site-packages (from torch>=2.6.0->soup-cli[train]==0.75.2->-r requirements.txt (line 3)) (11.2.1.3)
Requirement already satisfied: nvidia-curand-cu12==10.3.5.147 in ./.colab-venv/lib/python3.11/site-packages (from torch>=2.6.0->soup-cli[train]==0.75.2->-r requirements.txt (line 3)) (10.3.5.147)
Requirement already satisfied: nvidia-cusolver-cu12==11.6.1.9 in ./.colab-venv/lib/python3.11/site-packages (from torch>=2.6.0->soup-cli[train]==0.75.2->-r requirements.txt (line 3)) (11.6.1.9)
Requirement already satisfied: nvidia-cusparse-cu12==12.3.1.170 in ./.colab-venv/lib/python3.11/site-packages (from torch>=2.6.0->soup-cli[train]==0.75.2->-r requirements.txt (line 3)) (12.3.1.170)
Requirement already satisfied: nvidia-cusparselt-cu12==0.6.2 in ./.colab-venv/lib/python3.11/site-packages (from torch>=2.6.0->soup-cli[train]==0.75.2->-r requirements.txt (line 3)) (0.6.2)
Requirement already satisfied: nvidia-nccl-cu12==2.21.5 in ./.colab-venv/lib/python3.11/site-packages (from torch>=2.6.0->soup-cli[train]==0.75.2->-r requirements.txt (line 3)) (2.21.5)
Requirement already satisfied: nvidia-nvtx-cu12==12.4.127 in ./.colab-venv/lib/python3.11/site-packages (from torch>=2.6.0->soup-cli[train]==0.75.2->-r requirements.txt (line 3)) (12.4.127)
Requirement already satisfied: nvidia-nvjitlink-cu12==12.4.127 in ./.colab-venv/lib/python3.11/site-packages (from torch>=2.6.0->soup-cli[train]==0.75.2->-r requirements.txt (line 3)) (12.4.127)
Requirement already satisfied: triton==3.2.0 in ./.colab-venv/lib/python3.11/site-packages (from torch>=2.6.0->soup-cli[train]==0.75.2->-r requirements.txt (line 3)) (3.2.0)
Requirement already satisfied: sympy==1.13.1 in ./.colab-venv/lib/python3.11/site-packages (from torch>=2.6.0->soup-cli[train]==0.75.2->-r requirements.txt (line 3)) (1.13.1)
Requirement already satisfied: mpmath<1.4,>=1.1.0 in ./.colab-venv/lib/python3.11/site-packages (from sympy==1.13.1->torch>=2.6.0->soup-cli[train]==0.75.2->-r requirements.txt (line 3)) (1.3.0)
Collecting pyarrow>=21.0.0 (from datasets>=2.14.0->soup-cli[train]==0.75.2->-r requirements.txt (line 3))
  Downloading pyarrow-25.0.1-cp311-cp311-manylinux_2_28_x86_64.whl.metadata (3.0 kB)
Collecting dill<0.4.2,>=0.3.0 (from datasets>=2.14.0->soup-cli[train]==0.75.2->-r requirements.txt (line 3))
  Downloading dill-0.4.1-py3-none-any.whl.metadata (10 kB)
Collecting pandas (from datasets>=2.14.0->soup-cli[train]==0.75.2->-r requirements.txt (line 3))
  Downloading pandas-3.0.6-cp311-cp311-manylinux_2_24_x86_64.manylinux_2_28_x86_64.whl.metadata (79 kB)
Collecting requests>=2.32.2 (from datasets>=2.14.0->soup-cli[train]==0.75.2->-r requirements.txt (line 3))
  Downloading requests-2.34.2-py3-none-any.whl.metadata (4.8 kB)
Collecting xxhash (from datasets>=2.14.0->soup-cli[train]==0.75.2->-r requirements.txt (line 3))
  Downloading xxhash-4.0.1-cp311-cp311-manylinux2014_x86_64.manylinux_2_17_x86_64.manylinux_2_28_x86_64.whl.metadata (17 kB)
Collecting multiprocess<0.70.20 (from datasets>=2.14.0->soup-cli[train]==0.75.2->-r requirements.txt (line 3))
  Downloading multiprocess-0.70.19-py311-none-any.whl.metadata (7.5 kB)
Collecting fsspec>=2023.5.0 (from huggingface-hub>=0.16.0->soup-cli==0.75.2->soup-cli[train]==0.75.2->-r requirements.txt (line 3))
  Downloading fsspec-2026.6.0-py3-none-any.whl.metadata (10 kB)
Collecting aiohttp!=4.0.0a0,!=4.0.0a1 (from fsspec[http]<=2026.6.0,>=2023.1.0->datasets>=2.14.0->soup-cli[train]==0.75.2->-r requirements.txt (line 3))
  Downloading aiohttp-3.14.3-cp311-cp311-manylinux2014_x86_64.manylinux_2_17_x86_64.manylinux_2_28_x86_64.whl.metadata (8.3 kB)
Collecting aiohappyeyeballs>=2.5.0 (from aiohttp!=4.0.0a0,!=4.0.0a1->fsspec[http]<=2026.6.0,>=2023.1.0->datasets>=2.14.0->soup-cli[train]==0.75.2->-r requirements.txt (line 3))
  Downloading aiohappyeyeballs-2.7.1-py3-none-any.whl.metadata (5.9 kB)
Collecting aiosignal>=1.4.0 (from aiohttp!=4.0.0a0,!=4.0.0a1->fsspec[http]<=2026.6.0,>=2023.1.0->datasets>=2.14.0->soup-cli[train]==0.75.2->-r requirements.txt (line 3))
  Downloading aiosignal-1.4.0-py3-none-any.whl.metadata (3.7 kB)
Collecting attrs>=17.3.0 (from aiohttp!=4.0.0a0,!=4.0.0a1->fsspec[http]<=2026.6.0,>=2023.1.0->datasets>=2.14.0->soup-cli[train]==0.75.2->-r requirements.txt (line 3))
  Downloading attrs-26.1.0-py3-none-any.whl.metadata (8.8 kB)
Collecting frozenlist>=1.1.1 (from aiohttp!=4.0.0a0,!=4.0.0a1->fsspec[http]<=2026.6.0,>=2023.1.0->datasets>=2.14.0->soup-cli[train]==0.75.2->-r requirements.txt (line 3))
  Downloading frozenlist-1.8.0-cp311-cp311-manylinux1_x86_64.manylinux_2_28_x86_64.manylinux_2_5_x86_64.whl.metadata (20 kB)
Collecting multidict<7.0,>=4.5 (from aiohttp!=4.0.0a0,!=4.0.0a1->fsspec[http]<=2026.6.0,>=2023.1.0->datasets>=2.14.0->soup-cli[train]==0.75.2->-r requirements.txt (line 3))
  Downloading multidict-6.9.1-cp311-cp311-manylinux2014_x86_64.manylinux_2_17_x86_64.manylinux_2_28_x86_64.whl.metadata (5.3 kB)
Collecting propcache>=0.2.0 (from aiohttp!=4.0.0a0,!=4.0.0a1->fsspec[http]<=2026.6.0,>=2023.1.0->datasets>=2.14.0->soup-cli[train]==0.75.2->-r requirements.txt (line 3))
  Downloading propcache-0.5.4-cp311-cp311-manylinux2014_x86_64.manylinux_2_17_x86_64.manylinux_2_28_x86_64.whl.metadata (25 kB)
Collecting yarl<2.0,>=1.17.0 (from aiohttp!=4.0.0a0,!=4.0.0a1->fsspec[http]<=2026.6.0,>=2023.1.0->datasets>=2.14.0->soup-cli[train]==0.75.2->-r requirements.txt (line 3))
  Downloading yarl-1.25.1-cp311-cp311-manylinux2014_x86_64.manylinux_2_17_x86_64.manylinux_2_28_x86_64.whl.metadata (111 kB)
Collecting annotated-types>=0.6.0 (from pydantic>=2.0.0->soup-cli==0.75.2->soup-cli[train]==0.75.2->-r requirements.txt (line 3))
  Downloading annotated_types-0.8.0-py3-none-any.whl.metadata (15 kB)
Collecting pydantic-core==2.46.5 (from pydantic>=2.0.0->soup-cli==0.75.2->soup-cli[train]==0.75.2->-r requirements.txt (line 3))
  Downloading pydantic_core-2.46.5-cp311-cp311-manylinux_2_17_x86_64.manylinux2014_x86_64.whl.metadata (6.6 kB)
Collecting typing-inspection>=0.4.2 (from pydantic>=2.0.0->soup-cli==0.75.2->soup-cli[train]==0.75.2->-r requirements.txt (line 3))
  Downloading typing_inspection-0.4.4-py3-none-any.whl.metadata (2.6 kB)
Collecting urllib3<3,>=1.26 (from requests>=2.32.2->datasets>=2.14.0->soup-cli[train]==0.75.2->-r requirements.txt (line 3))
  Downloading urllib3-2.8.0-py3-none-any.whl.metadata (7.4 kB)
Collecting markdown-it-py>=2.2.0 (from rich>=13.0.0->soup-cli==0.75.2->soup-cli[train]==0.75.2->-r requirements.txt (line 3))
  Downloading markdown_it_py-4.2.0-py3-none-any.whl.metadata (7.4 kB)
Collecting mdurl~=0.1 (from markdown-it-py>=2.2.0->rich>=13.0.0->soup-cli==0.75.2->soup-cli[train]==0.75.2->-r requirements.txt (line 3))
  Downloading mdurl-0.1.2-py3-none-any.whl.metadata (1.6 kB)
Requirement already satisfied: MarkupSafe>=2.0 in ./.colab-venv/lib/python3.11/site-packages (from jinja2->torch>=2.6.0->soup-cli[train]==0.75.2->-r requirements.txt (line 3)) (3.0.3)
Collecting python-dateutil>=2.8.2 (from pandas->datasets>=2.14.0->soup-cli[train]==0.75.2->-r requirements.txt (line 3))
  Downloading python_dateutil-2.9.0.post0-py2.py3-none-any.whl.metadata (8.4 kB)
Collecting six>=1.5 (from python-dateutil>=2.8.2->pandas->datasets>=2.14.0->soup-cli[train]==0.75.2->-r requirements.txt (line 3))
  Downloading six-1.17.0-py2.py3-none-any.whl.metadata (1.7 kB)
Downloading soup_cli-0.75.2-py3-none-any.whl (2.2 MB)
   ━━━━━━━━━━━━━━━━━━━━━━━━━━━━━━━━━━━━━━━━ 2.2/2.2 MB 74.8 MB/s  0:00:00
Downloading pytest-9.1.1-py3-none-any.whl (386 kB)
Downloading reportlab-5.0.1-py3-none-any.whl (2.0 MB)
   ━━━━━━━━━━━━━━━━━━━━━━━━━━━━━━━━━━━━━━━━ 2.0/2.0 MB 97.0 MB/s  0:00:00
Downloading pypdf-6.19.0-py3-none-any.whl (395 kB)
Downloading ruff-0.16.10-py3-none-manylinux_2_17_x86_64.manylinux2014_x86_64.whl (10.4 MB)
   ━━━━━━━━━━━━━━━━━━━━━━━━━━━━━━━━━━━━━━━━ 10.4/10.4 MB 159.7 MB/s  0:00:00
Downloading peft-0.20.0-py3-none-any.whl (775 kB)
   ━━━━━━━━━━━━━━━━━━━━━━━━━━━━━━━━━━━━━━━━ 775.8/775.8 kB 32.0 MB/s  0:00:00
Downloading pluggy-1.6.0-py3-none-any.whl (20 kB)
Downloading transformers-5.16.1-py3-none-any.whl (12.1 MB)
   ━━━━━━━━━━━━━━━━━━━━━━━━━━━━━━━━━━━━━━━━ 12.1/12.1 MB 134.0 MB/s  0:00:00
Downloading huggingface_hub-1.33.0-py3-none-any.whl (846 kB)
   ━━━━━━━━━━━━━━━━━━━━━━━━━━━━━━━━━━━━━━━━ 846.4/846.4 kB 43.4 MB/s  0:00:00
Downloading click-8.5.0-py3-none-any.whl (125 kB)
Downloading hf_xet-1.6.0-cp38-abi3-manylinux2014_x86_64.manylinux_2_17_x86_64.whl (4.5 MB)
   ━━━━━━━━━━━━━━━━━━━━━━━━━━━━━━━━━━━━━━━━ 4.5/4.5 MB 132.7 MB/s  0:00:00
Downloading httpx-0.28.1-py3-none-any.whl (73 kB)
Downloading httpcore-1.0.9-py3-none-any.whl (78 kB)
Downloading tokenizers-0.23.2-cp310-abi3-manylinux_2_17_x86_64.manylinux2014_x86_64.whl (3.4 MB)
   ━━━━━━━━━━━━━━━━━━━━━━━━━━━━━━━━━━━━━━━━ 3.4/3.4 MB 116.7 MB/s  0:00:00
Downloading trl-0.29.0-py3-none-any.whl (528 kB)
   ━━━━━━━━━━━━━━━━━━━━━━━━━━━━━━━━━━━━━━━━ 528.8/528.8 kB 18.9 MB/s  0:00:00
Downloading typer-0.20.1-py3-none-any.whl (47 kB)
Downloading accelerate-1.15.0-py3-none-any.whl (394 kB)
Downloading bitsandbytes-0.50.2-py3-none-manylinux_2_24_x86_64.whl (43.1 MB)
   ━━━━━━━━━━━━━━━━━━━━━━━━━━━━━━━━━━━━━━━━ 43.1/43.1 MB 68.1 MB/s  0:00:00
Downloading datasets-5.0.1-py3-none-any.whl (559 kB)
   ━━━━━━━━━━━━━━━━━━━━━━━━━━━━━━━━━━━━━━━━ 559.1/559.1 kB 32.3 MB/s  0:00:00
Downloading dill-0.4.1-py3-none-any.whl (120 kB)
Downloading fsspec-2026.6.0-py3-none-any.whl (203 kB)
Downloading multiprocess-0.70.19-py311-none-any.whl (144 kB)
Downloading aiohttp-3.14.3-cp311-cp311-manylinux2014_x86_64.manylinux_2_17_x86_64.manylinux_2_28_x86_64.whl (1.8 MB)
   ━━━━━━━━━━━━━━━━━━━━━━━━━━━━━━━━━━━━━━━━ 1.8/1.8 MB 97.3 MB/s  0:00:00
Downloading multidict-6.9.1-cp311-cp311-manylinux2014_x86_64.manylinux_2_17_x86_64.manylinux_2_28_x86_64.whl (320 kB)
Downloading yarl-1.25.1-cp311-cp311-manylinux2014_x86_64.manylinux_2_17_x86_64.manylinux_2_28_x86_64.whl (117 kB)
Downloading aiohappyeyeballs-2.7.1-py3-none-any.whl (15 kB)
Downloading aiosignal-1.4.0-py3-none-any.whl (7.5 kB)
Downloading attrs-26.1.0-py3-none-any.whl (67 kB)
Downloading frozenlist-1.8.0-cp311-cp311-manylinux1_x86_64.manylinux_2_28_x86_64.manylinux_2_5_x86_64.whl (231 kB)
Downloading h11-0.16.0-py3-none-any.whl (37 kB)
Downloading idna-3.20-py3-none-any.whl (69 kB)
Downloading iniconfig-2.3.0-py3-none-any.whl (7.5 kB)
Downloading numpy-2.4.6-cp311-cp311-manylinux_2_27_x86_64.manylinux_2_28_x86_64.whl (16.9 MB)
   ━━━━━━━━━━━━━━━━━━━━━━━━━━━━━━━━━━━━━━━━ 16.9/16.9 MB 159.9 MB/s  0:00:00
Downloading pillow-12.3.0-cp311-cp311-manylinux_2_27_x86_64.manylinux_2_28_x86_64.whl (6.9 MB)
   ━━━━━━━━━━━━━━━━━━━━━━━━━━━━━━━━━━━━━━━━ 6.9/6.9 MB 151.5 MB/s  0:00:00
Downloading plotext-6.1.0-py3-none-manylinux_2_17_x86_64.manylinux2014_x86_64.whl (475 kB)
Downloading propcache-0.5.4-cp311-cp311-manylinux2014_x86_64.manylinux_2_17_x86_64.manylinux_2_28_x86_64.whl (235 kB)
Downloading pyarrow-25.0.1-cp311-cp311-manylinux_2_28_x86_64.whl (50.1 MB)
   ━━━━━━━━━━━━━━━━━━━━━━━━━━━━━━━━━━━━━━━━ 50.1/50.1 MB 51.1 MB/s  0:00:00
Downloading pydantic-2.13.5-py3-none-any.whl (472 kB)
Downloading pydantic_core-2.46.5-cp311-cp311-manylinux_2_17_x86_64.manylinux2014_x86_64.whl (2.1 MB)
   ━━━━━━━━━━━━━━━━━━━━━━━━━━━━━━━━━━━━━━━━ 2.1/2.1 MB 115.6 MB/s  0:00:00
Downloading annotated_types-0.8.0-py3-none-any.whl (13 kB)
Downloading pygments-2.21.0-py3-none-any.whl (1.3 MB)
   ━━━━━━━━━━━━━━━━━━━━━━━━━━━━━━━━━━━━━━━━ 1.3/1.3 MB 81.1 MB/s  0:00:00
Downloading pyyaml-6.0.3-cp311-cp311-manylinux2014_x86_64.manylinux_2_17_x86_64.manylinux_2_28_x86_64.whl (806 kB)
   ━━━━━━━━━━━━━━━━━━━━━━━━━━━━━━━━━━━━━━━━ 806.6/806.6 kB 46.4 MB/s  0:00:00
Downloading regex-2026.9.29-cp311-cp311-manylinux2014_x86_64.manylinux_2_17_x86_64.manylinux_2_28_x86_64.whl (804 kB)
   ━━━━━━━━━━━━━━━━━━━━━━━━━━━━━━━━━━━━━━━━ 805.0/805.0 kB 47.2 MB/s  0:00:00
Downloading requests-2.34.2-py3-none-any.whl (73 kB)
Downloading charset_normalizer-3.5.2-cp311-cp311-manylinux2014_x86_64.manylinux_2_17_x86_64.manylinux_2_28_x86_64.whl (269 kB)
Downloading urllib3-2.8.0-py3-none-any.whl (135 kB)
Downloading certifi-2026.7.22-py3-none-any.whl (136 kB)
Downloading rich-15.0.0-py3-none-any.whl (310 kB)
Downloading markdown_it_py-4.2.0-py3-none-any.whl (91 kB)
Downloading mdurl-0.1.2-py3-none-any.whl (10.0 kB)
Downloading safetensors-0.8.0-cp310-abi3-manylinux_2_17_x86_64.manylinux2014_x86_64.whl (516 kB)
Downloading shellingham-1.5.4-py2.py3-none-any.whl (9.8 kB)
Downloading tqdm-4.70.1-py3-none-any.whl (80 kB)
Downloading typing_inspection-0.4.4-py3-none-any.whl (14 kB)
Downloading anyio-4.15.1-py3-none-any.whl (132 kB)
Downloading pandas-3.0.6-cp311-cp311-manylinux_2_24_x86_64.manylinux_2_28_x86_64.whl (11.1 MB)
   ━━━━━━━━━━━━━━━━━━━━━━━━━━━━━━━━━━━━━━━━ 11.1/11.1 MB 171.0 MB/s  0:00:00
Downloading python_dateutil-2.9.0.post0-py2.py3-none-any.whl (229 kB)
Downloading six-1.17.0-py2.py3-none-any.whl (11 kB)
Downloading psutil-7.2.2-cp36-abi3-manylinux2010_x86_64.manylinux_2_12_x86_64.manylinux_2_28_x86_64.whl (155 kB)
Downloading xxhash-4.0.1-cp311-cp311-manylinux2014_x86_64.manylinux_2_17_x86_64.manylinux_2_28_x86_64.whl (261 kB)
Installing collected packages: xxhash, urllib3, typing-inspection, tqdm, six, shellingham, safetensors, ruff, regex, pyyaml, pypdf, pygments, pydantic-core, pyarrow, psutil, propcache, pluggy, plotext, pillow, numpy, multidict, mdurl, iniconfig, idna, hf-xet, h11, fsspec, frozenlist, dill, click, charset-normalizer, certifi, attrs, annotated-types, aiohappyeyeballs, yarl, requests, reportlab, python-dateutil, pytest, pydantic, multiprocess, markdown-it-py, httpcore, anyio, aiosignal, rich, pandas, httpx, aiohttp, typer, huggingface-hub, bitsandbytes, tokenizers, soup-cli, datasets, accelerate, transformers, trl, peft
  Attempting uninstall: fsspec
    Found existing installation: fsspec 2026.9.0
    Uninstalling fsspec-2026.9.0:
      Successfully uninstalled fsspec-2026.9.0

Successfully installed accelerate-1.15.0 aiohappyeyeballs-2.7.1 aiohttp-3.14.3 aiosignal-1.4.0 annotated-types-0.8.0 anyio-4.15.1 attrs-26.1.0 bitsandbytes-0.50.2 certifi-2026.7.22 charset-normalizer-3.5.2 click-8.5.0 datasets-5.0.1 dill-0.4.1 frozenlist-1.8.0 fsspec-2026.6.0 h11-0.16.0 hf-xet-1.6.0 httpcore-1.0.9 httpx-0.28.1 huggingface-hub-1.33.0 idna-3.20 iniconfig-2.3.0 markdown-it-py-4.2.0 mdurl-0.1.2 multidict-6.9.1 multiprocess-0.70.19 numpy-2.4.6 pandas-3.0.6 peft-0.20.0 pillow-12.3.0 plotext-6.1.0 pluggy-1.6.0 propcache-0.5.4 psutil-7.2.2 pyarrow-25.0.1 pydantic-2.13.5 pydantic-core-2.46.5 pygments-2.21.0 pypdf-6.19.0 pytest-9.1.1 python-dateutil-2.9.0.post0 pyyaml-6.0.3 regex-2026.9.29 reportlab-5.0.1 requests-2.34.2 rich-15.0.0 ruff-0.16.10 safetensors-0.8.0 shellingham-1.5.4 six-1.17.0 soup-cli-0.75.2 tokenizers-0.23.2 tqdm-4.70.1 transformers-5.16.1 trl-0.29.0 typer-0.20.1 typing-inspection-0.4.4 urllib3-2.8.0 xxhash-4.0.1 yarl-1.25.1
