2026-10-02T18:25:41.469+00:00 annotated-types==0.8.0
2026-10-02T18:25:41.469+00:00 anyio==4.15.1
2026-10-02T18:25:41.470+00:00 charset-normalizer==3.5.2
2026-10-02T18:25:41.470+00:00 click==8.5.0
2026-10-02T18:25:41.470+00:00 colorama==0.4.6
2026-10-02T18:25:41.470+00:00 filelock==4.0.9
2026-10-02T18:25:41.470+00:00 fsspec==2026.9.0
2026-10-02T18:25:41.470+00:00 h11==0.16.0
2026-10-02T18:25:41.470+00:00 hf-xet==1.6.0
2026-10-02T18:25:41.470+00:00 httpcore2==2.13.1
2026-10-02T18:25:41.470+00:00 httpx2==2.13.1
2026-10-02T18:25:41.470+00:00 huggingface-hub==2.1.1
2026-10-02T18:25:41.470+00:00 idna==3.20
2026-10-02T18:25:41.470+00:00 iniconfig==2.3.0
2026-10-02T18:25:41.470+00:00 markdown-it-py==4.2.0
2026-10-02T18:25:41.471+00:00 mdurl==0.1.2
2026-10-02T18:25:41.471+00:00 packaging==26.3
2026-10-02T18:25:41.471+00:00 pillow==12.3.0
2026-10-02T18:25:41.471+00:00 plotext==6.1.0
2026-10-02T18:25:41.471+00:00 pluggy==1.6.0
2026-10-02T18:25:41.471+00:00 pydantic==2.13.5
2026-10-02T18:25:41.471+00:00 pydantic-core==2.46.5
2026-10-02T18:25:41.471+00:00 pygments==2.21.0
2026-10-02T18:25:41.471+00:00 pypdf==6.19.0
2026-10-02T18:25:41.471+00:00 pytest==9.1.1
2026-10-02T18:25:41.471+00:00 pyyaml==6.0.3
2026-10-02T18:25:41.471+00:00 reportlab==5.0.1
2026-10-02T18:25:41.471+00:00 rich==15.0.0
2026-10-02T18:25:41.471+00:00 ruff==0.16.10
2026-10-02T18:25:41.471+00:00 shellingham==1.5.4
2026-10-02T18:25:41.471+00:00 soup-cli==0.75.2
2026-10-02T18:25:41.471+00:00 tqdm==4.70.1
2026-10-02T18:25:41.471+00:00 truststore==0.10.4
2026-10-02T18:25:41.471+00:00 typer==0.20.1
2026-10-02T18:25:41.471+00:00 typing-extensions==4.16.0
2026-10-02T18:25:41.472+00:00 typing-inspection==0.4.4
