annotated-types==0.8.0
anyio==4.15.1
charset-normalizer==3.5.2
click==8.5.0
colorama==0.4.6
filelock==4.0.9
fsspec==2026.9.0
h11==0.16.0
hf-xet==1.6.0
httpcore2==2.13.1
httpx2==2.13.1
huggingface-hub==2.1.1
idna==3.20
iniconfig==2.3.0
markdown-it-py==4.2.0
mdurl==0.1.2
packaging==26.3
pillow==12.3.0
plotext==6.1.0
pluggy==1.6.0
pydantic==2.13.5
pydantic-core==2.46.5
pygments==2.21.0
pypdf==6.19.0
pytest==9.1.1
pyyaml==6.0.3
reportlab==5.0.1
rich==15.0.0
ruff==0.16.10
shellingham==1.5.4
soup-cli==0.75.2
tqdm==4.70.1
truststore==0.10.4
typer==0.20.1
typing-extensions==4.16.0
typing-inspection==0.4.4
