2026-10-02T20:34:12.605+00:00 Fri Oct  2 20:34:12 2026       
2026-10-02T20:34:12.605+00:00 +-----------------------------------------------------------------------------------------+
2026-10-02T20:34:12.605+00:00 | NVIDIA-SMI 580.82.07              Driver Version: 580.82.07      CUDA Version: 13.0     |
2026-10-02T20:34:12.605+00:00 +-----------------------------------------+------------------------+----------------------+
2026-10-02T20:34:12.605+00:00 | GPU  Name                 Persistence-M | Bus-Id          Disp.A | Volatile Uncorr. ECC |
2026-10-02T20:34:12.605+00:00 | Fan  Temp   Perf          Pwr:Usage/Cap |           Memory-Usage | GPU-Util  Compute M. |
2026-10-02T20:34:12.605+00:00 |                                         |                        |               MIG M. |
2026-10-02T20:34:12.605+00:00 |=========================================+========================+======================|
2026-10-02T20:34:12.619+00:00 |   0  Tesla T4                       Off |   00000000:00:04.0 Off |                    0 |
2026-10-02T20:34:12.620+00:00 | N/A   53C    P0             29W /   70W |       0MiB /  15360MiB |     52%      Default |
2026-10-02T20:34:12.620+00:00 |                                         |                        |                  N/A |
2026-10-02T20:34:12.620+00:00 +-----------------------------------------+------------------------+----------------------+
2026-10-02T20:34:12.620+00:00 
2026-10-02T20:34:12.620+00:00 +-----------------------------------------------------------------------------------------+
2026-10-02T20:34:12.620+00:00 | Processes:                                                                              |
2026-10-02T20:34:12.620+00:00 |  GPU   GI   CI              PID   Type   Process name                        GPU Memory |
2026-10-02T20:34:12.620+00:00 |        ID   ID                                                               Usage      |
2026-10-02T20:34:12.620+00:00 |=========================================================================================|
2026-10-02T20:34:12.620+00:00 |  No running processes found                                                             |
2026-10-02T20:34:12.620+00:00 +-----------------------------------------------------------------------------------------+
