accelerate==1.15.0
aiohappyeyeballs==2.7.1
aiohttp==3.14.3
aiosignal==1.4.0
annotated-types==0.8.0
anyio==4.15.1
attrs==26.1.0
bitsandbytes==0.50.2
certifi==2026.7.22
charset-normalizer==3.5.2
click==8.5.0
datasets==5.0.1
dill==0.4.1
filelock==4.0.9
frozenlist==1.8.0
fsspec==2026.6.0
h11==0.16.0
hf-xet==1.6.0
httpcore==1.0.9
httpx==0.28.1
huggingface_hub==1.33.0
idna==3.20
iniconfig==2.3.0
Jinja2==3.1.6
markdown-it-py==4.2.0
MarkupSafe==3.0.3
mdurl==0.1.2
mpmath==1.3.0
multidict==6.9.1
multiprocess==0.70.19
networkx==3.6.1
numpy==2.4.6
nvidia-cublas-cu12==12.4.5.8
nvidia-cuda-cupti-cu12==12.4.127
nvidia-cuda-nvrtc-cu12==12.4.127
nvidia-cuda-runtime-cu12==12.4.127
nvidia-cudnn-cu12==9.1.0.70
nvidia-cufft-cu12==11.2.1.3
nvidia-curand-cu12==10.3.5.147
nvidia-cusolver-cu12==11.6.1.9
nvidia-cusparse-cu12==12.3.1.170
nvidia-cusparselt-cu12==0.6.2
nvidia-nccl-cu12==2.21.5
nvidia-nvjitlink-cu12==12.4.127
nvidia-nvtx-cu12==12.4.127
packaging==26.3
pandas==3.0.6
peft==0.20.0
pillow==12.3.0
plotext==6.1.0
pluggy==1.6.0
propcache==0.5.4
psutil==7.2.2
pyarrow==25.0.1
pydantic==2.13.5
pydantic_core==2.46.5
Pygments==2.21.0
pypdf==6.19.0
pytest==9.1.1
python-dateutil==2.9.0.post0
PyYAML==6.0.3
regex==2026.9.29
reportlab==5.0.1
requests==2.34.2
rich==15.0.0
ruff==0.16.10
safetensors==0.8.0
shellingham==1.5.4
six==1.17.0
soup-cli==0.75.2
sympy==1.13.1
tokenizers==0.23.2
torch==2.6.0+cu124
tqdm==4.70.1
transformers==5.16.1
triton==3.2.0
trl==0.29.0
typer==0.20.1
typing-inspection==0.4.4
typing_extensions==4.16.0
urllib3==2.8.0
xxhash==4.0.1
yarl==1.25.1
