2026-10-02T20:18:10.539+00:00                               soup data lint (dpo)                              
2026-10-02T20:18:10.540+00:00 ┏━━━━━━━━━━━━━━━━━┳━━━━━━━━━┳━━━━━━━━━━━━━━━━━━━━━━━━┳━━━━━━━━━━━━━━━━━━━━━━━━━┓
2026-10-02T20:18:10.541+00:00 ┃ Check           ┃ Verdict ┃ Message                ┃ Evidence                ┃
2026-10-02T20:18:10.541+00:00 ┡━━━━━━━━━━━━━━━━━╇━━━━━━━━━╇━━━━━━━━━━━━━━━━━━━━━━━━╇━━━━━━━━━━━━━━━━━━━━━━━━━┩
2026-10-02T20:18:10.542+00:00 │ length_bias     │ OK      │ effect size (Cohen's   │ mean chosen=59.6, mean  │
2026-10-02T20:18:10.544+00:00 │                 │         │ d) = -0.097 (rejected  │ rejected=60.0           │
2026-10-02T20:18:10.545+00:00 │                 │         │ longer than chosen);   │                         │
2026-10-02T20:18:10.547+00:00 │                 │         │ chosen is longer in    │                         │
2026-10-02T20:18:10.548+00:00 │                 │         │ 40.0% of rows          │                         │
2026-10-02T20:18:10.550+00:00 │ identical_pairs │ OK      │ 0/400 rows (0.0%) have │                         │
2026-10-02T20:18:10.551+00:00 │                 │         │ chosen == rejected     │                         │
2026-10-02T20:18:10.553+00:00 │                 │         │ (zero preference       │                         │
2026-10-02T20:18:10.553+00:00 │                 │         │ signal)                │                         │
2026-10-02T20:18:10.553+00:00 │ near_duplicates │ OK      │ near-dup check skipped │ pip install             │
2026-10-02T20:18:10.553+00:00 │                 │         │ (datasketch not        │ "soup-cli[data]" to     │
2026-10-02T20:18:10.553+00:00 │                 │         │ installed)             │ enable                  │
2026-10-02T20:18:10.553+00:00 │ prompt_leak     │ OK      │ 0/400 rows (0.0%) have │ min_prompt_len=40       │
2026-10-02T20:18:10.553+00:00 │                 │         │ the prompt echoed      │                         │
2026-10-02T20:18:10.553+00:00 │                 │         │ verbatim inside the    │                         │
2026-10-02T20:18:10.553+00:00 │                 │         │ completion             │                         │
2026-10-02T20:18:10.553+00:00 └─────────────────┴─────────┴────────────────────────┴─────────────────────────┘
2026-10-02T20:18:10.553+00:00 ╭───────── overall ─────────╮
2026-10-02T20:18:10.553+00:00 │ OK — 400/400 rows scanned │
2026-10-02T20:18:10.553+00:00 ╰───────────────────────────╯
2026-10-02T20:18:10.553+00:00 Wrote evidence/t4-20261002T201713Z/soup_data_lint.json
