2026-10-02T20:46:03.371+00:00 [transformers] `torch_dtype` is deprecated! Use `dtype` instead!
2026-10-02T20:46:11.076+00:00 Loading weights:   0%|          | 0/338 [00:00<?, ?it/s]Loading weights:   0%|          | 1/338 [00:03<21:49,  3.88s/it]Loading weights:  30%|██▉       | 101/338 [00:04<00:06, 34.42it/s]Loading weights:  38%|███▊      | 130/338 [00:04<00:04, 42.65it/s]Loading weights:  45%|████▍     | 151/338 [00:04<00:03, 48.29it/s]Loading weights:  49%|████▉     | 167/338 [00:04<00:03, 55.74it/s]Loading weights:  54%|█████▍    | 183/338 [00:04<00:02, 59.23it/s]Loading weights:  58%|█████▊    | 196/338 [00:05<00:02, 65.69it/s]Loading weights:  62%|██████▏   | 209/338 [00:05<00:01, 69.49it/s]Loading weights:  65%|██████▌   | 221/338 [00:05<00:01, 68.68it/s]Loading weights:  69%|██████▉   | 233/338 [00:05<00:01, 70.53it/s]Loading weights:  72%|███████▏  | 244/338 [00:05<00:01, 73.03it/s]Loading weights:  75%|███████▌  | 255/338 [00:05<00:01, 68.86it/s]Loading weights:  79%|███████▉  | 267/338 [00:05<00:00, 74.98it/s]Loading weights:  82%|████████▏ | 276/338 [00:06<00:00, 72.26it/s]Loading weights:  84%|████████▍ | 284/338 [00:06<00:00, 66.41it/s]Loading weights:  87%|████████▋ | 293/338 [00:06<00:00, 68.66it/s]Loading weights:  90%|█████████ | 305/338 [00:06<00:00, 78.74it/s]Loading weights:  97%|█████████▋| 327/338 [00:06<00:00, 104.74it/s]Loading weights: 100%|██████████| 338/338 [00:06<00:00, 50.52it/s] 
2026-10-02T20:46:54.939+00:00 {
2026-10-02T20:46:54.939+00:00   "timestamp": "2026-10-02T20:46:54.879+00:00",
2026-10-02T20:46:54.939+00:00   "passed": true,
2026-10-02T20:46:54.939+00:00   "base": "models/base",
2026-10-02T20:46:54.939+00:00   "adapter_sha256": "31ac804ecb3a870878f0ea7b01186bb665619111c8863f299a49610fa13ec200",
2026-10-02T20:46:54.939+00:00   "initial_sha256": "9652e9df8de43381bdbf679db1eee5db792bd3340f674c0a15147bb8050a20ff",
2026-10-02T20:46:54.939+00:00   "data_sha256": "0c83c1211eba5bb8f175f8140a2efe38d16e9a3dec30266ef0fffbe9ad7d1b91",
2026-10-02T20:46:54.940+00:00   "ordinary_peft_reload_exact": true,
2026-10-02T20:46:54.940+00:00   "warnings": [],
2026-10-02T20:46:54.940+00:00   "functional_change": {
2026-10-02T20:46:54.940+00:00     "passed": true,
2026-10-02T20:46:54.940+00:00     "baseline_repeat_noise": 0.0,
2026-10-02T20:46:54.940+00:00     "threshold": 0.0001,
2026-10-02T20:46:54.940+00:00     "changed_probes": 100,
2026-10-02T20:46:54.940+00:00     "max_token_logp_delta": 11.114863395690918,
2026-10-02T20:46:54.940+00:00     "per_probe_max_delta": [
2026-10-02T20:46:54.940+00:00       6.3256919384002686,
2026-10-02T20:46:54.940+00:00       5.83761739730835,
2026-10-02T20:46:54.940+00:00       5.968071222305298,
2026-10-02T20:46:54.940+00:00       4.837368488311768,
2026-10-02T20:46:54.940+00:00       5.299446105957031,
2026-10-02T20:46:54.940+00:00       5.8486104011535645,
2026-10-02T20:46:54.940+00:00       5.965711832046509,
2026-10-02T20:46:54.940+00:00       3.7888890504837036,
2026-10-02T20:46:54.940+00:00       4.802856504917145,
2026-10-02T20:46:54.940+00:00       7.138190031051636,
2026-10-02T20:46:54.940+00:00       2.821295738220215,
2026-10-02T20:46:54.940+00:00       4.725602030754089,
2026-10-02T20:46:54.940+00:00       4.285462856292725,
2026-10-02T20:46:54.940+00:00       9.180256843566895,
2026-10-02T20:46:54.940+00:00       4.782286822795868,
2026-10-02T20:46:54.940+00:00       4.81870698928833,
2026-10-02T20:46:54.940+00:00       6.251730918884277,
2026-10-02T20:46:54.940+00:00       4.062465667724609,
2026-10-02T20:46:54.940+00:00       5.0567708015441895,
2026-10-02T20:46:54.940+00:00       5.206008672714233,
2026-10-02T20:46:54.940+00:00       4.242804527282715,
2026-10-02T20:46:54.940+00:00       3.604907989501953,
2026-10-02T20:46:54.940+00:00       6.2941179275512695,
2026-10-02T20:46:54.940+00:00       4.42014217376709,
2026-10-02T20:46:54.940+00:00       5.095393657684326,
2026-10-02T20:46:54.940+00:00       6.150167226791382,
2026-10-02T20:46:54.940+00:00       2.7537927627563477,
2026-10-02T20:46:54.940+00:00       4.745548725128174,
2026-10-02T20:46:54.940+00:00       4.270009875297546,
2026-10-02T20:46:54.940+00:00       5.938637018203735,
2026-10-02T20:46:54.940+00:00       4.475093841552734,
2026-10-02T20:46:54.940+00:00       5.3364808559417725,
2026-10-02T20:46:54.940+00:00       4.911375463008881,
2026-10-02T20:46:54.940+00:00       9.528838634490967,
2026-10-02T20:46:54.940+00:00       6.247175216674805,
2026-10-02T20:46:54.940+00:00       5.848728895187378,
2026-10-02T20:46:54.940+00:00       4.198876857757568,
2026-10-02T20:46:54.940+00:00       6.110876083374023,
2026-10-02T20:46:54.940+00:00       2.743107795715332,
2026-10-02T20:46:54.940+00:00       5.726135015487671,
2026-10-02T20:46:54.940+00:00       3.3373467922210693,
2026-10-02T20:46:54.940+00:00       6.210852146148682,
2026-10-02T20:46:54.940+00:00       6.2581071853637695,
2026-10-02T20:46:54.940+00:00       4.946137428283691,
2026-10-02T20:46:54.940+00:00       10.626943588256836,
2026-10-02T20:46:54.940+00:00       2.65106201171875,
2026-10-02T20:46:54.940+00:00       3.664467990398407,
2026-10-02T20:46:54.940+00:00       5.04464054107666,
2026-10-02T20:46:54.940+00:00       4.217094898223877,
2026-10-02T20:46:54.940+00:00       4.723948001861572,
2026-10-02T20:46:54.940+00:00       7.497161865234375,
2026-10-02T20:46:54.940+00:00       6.053961277008057,
2026-10-02T20:46:54.940+00:00       5.083524227142334,
2026-10-02T20:46:54.940+00:00       3.501145601272583,
2026-10-02T20:46:54.940+00:00       6.02599835395813,
2026-10-02T20:46:54.940+00:00       4.825435400009155,
2026-10-02T20:46:54.940+00:00       3.2044612169265747,
2026-10-02T20:46:54.940+00:00       5.146884918212891,
2026-10-02T20:46:54.940+00:00       5.07969856262207,
2026-10-02T20:46:54.940+00:00       6.308623313903809,
2026-10-02T20:46:54.940+00:00       3.313656806945801,
2026-10-02T20:46:54.940+00:00       11.114863395690918,
2026-10-02T20:46:54.940+00:00       4.931097030639648,
2026-10-02T20:46:54.940+00:00       8.73554801940918,
2026-10-02T20:46:54.940+00:00       6.115202903747559,
2026-10-02T20:46:54.940+00:00       9.770388126373291,
2026-10-02T20:46:54.940+00:00       5.124414682388306,
2026-10-02T20:46:54.940+00:00       7.20885157585144,
2026-10-02T20:46:54.940+00:00       2.7306923866271973,
2026-10-02T20:46:54.940+00:00       5.099614143371582,
2026-10-02T20:46:54.940+00:00       10.043977737426758,
2026-10-02T20:46:54.940+00:00       10.017468929290771,
2026-10-02T20:46:54.940+00:00       3.5064330101013184,
2026-10-02T20:46:54.940+00:00       3.4879510402679443,
2026-10-02T20:46:54.940+00:00       3.9376678466796875,
2026-10-02T20:46:54.941+00:00       8.127397298812866,
2026-10-02T20:46:54.941+00:00       6.432099342346191,
2026-10-02T20:46:54.941+00:00       5.084021747112274,
2026-10-02T20:46:54.941+00:00       4.1792216300964355,
2026-10-02T20:46:54.941+00:00       6.884148597717285,
2026-10-02T20:46:54.941+00:00       4.941646337509155,
2026-10-02T20:46:54.941+00:00       4.183259010314941,
2026-10-02T20:46:54.941+00:00       6.255043029785156,
2026-10-02T20:46:54.941+00:00       2.7087936401367188,
2026-10-02T20:46:54.941+00:00       2.7323827743530273,
2026-10-02T20:46:54.941+00:00       10.846621990203857,
2026-10-02T20:46:54.941+00:00       2.72377872467041,
2026-10-02T20:46:54.941+00:00       5.133179664611816,
2026-10-02T20:46:54.941+00:00       4.801991939544678,
2026-10-02T20:46:54.941+00:00       4.284611701965332,
2026-10-02T20:46:54.941+00:00       5.648582458496094,
2026-10-02T20:46:54.941+00:00       3.184533476829529,
2026-10-02T20:46:54.941+00:00       2.7176294326782227,
2026-10-02T20:46:54.941+00:00       6.641714334487915,
2026-10-02T20:46:54.941+00:00       5.046585440635681,
2026-10-02T20:46:54.941+00:00       9.63416051864624,
2026-10-02T20:46:54.941+00:00       3.7299734354019165,
2026-10-02T20:46:54.941+00:00       4.404952049255371,
2026-10-02T20:46:54.941+00:00       10.132097721099854,
2026-10-02T20:46:54.941+00:00       6.371496200561523
2026-10-02T20:46:54.941+00:00     ]
2026-10-02T20:46:54.941+00:00   },
2026-10-02T20:46:54.941+00:00   "adapter_disabled_restores_base": true,
2026-10-02T20:46:54.941+00:00   "base_accuracy_sum": 0.87,
2026-10-02T20:46:54.941+00:00   "tuned_accuracy_sum": 1.0,
2026-10-02T20:46:54.941+00:00   "base_accuracy_mean": 0.9,
2026-10-02T20:46:54.941+00:00   "tuned_accuracy_mean": 1.0,
2026-10-02T20:46:54.941+00:00   "misses": [
2026-10-02T20:46:54.941+00:00     "Wrong preference labels",
2026-10-02T20:46:54.941+00:00     "Memorization and production regressions",
2026-10-02T20:46:54.941+00:00     "Wrong-but-nonzero streamed gradients (separate parity test required)",
2026-10-02T20:46:54.941+00:00     "Rare prompts or deployments not represented by these probes"
2026-10-02T20:46:54.941+00:00   ]
2026-10-02T20:46:54.941+00:00 }
