[transformers] `torch_dtype` is deprecated! Use `dtype` instead!
Loading weights:   0%|          | 0/338 [00:00<?, ?it/s]Loading weights:   0%|          | 1/338 [00:03<21:49,  3.88s/it]Loading weights:  30%|██▉       | 101/338 [00:04<00:06, 34.42it/s]Loading weights:  38%|███▊      | 130/338 [00:04<00:04, 42.65it/s]Loading weights:  45%|████▍     | 151/338 [00:04<00:03, 48.29it/s]Loading weights:  49%|████▉     | 167/338 [00:04<00:03, 55.74it/s]Loading weights:  54%|█████▍    | 183/338 [00:04<00:02, 59.23it/s]Loading weights:  58%|█████▊    | 196/338 [00:05<00:02, 65.69it/s]Loading weights:  62%|██████▏   | 209/338 [00:05<00:01, 69.49it/s]Loading weights:  65%|██████▌   | 221/338 [00:05<00:01, 68.68it/s]Loading weights:  69%|██████▉   | 233/338 [00:05<00:01, 70.53it/s]Loading weights:  72%|███████▏  | 244/338 [00:05<00:01, 73.03it/s]Loading weights:  75%|███████▌  | 255/338 [00:05<00:01, 68.86it/s]Loading weights:  79%|███████▉  | 267/338 [00:05<00:00, 74.98it/s]Loading weights:  82%|████████▏ | 276/338 [00:06<00:00, 72.26it/s]Loading weights:  84%|████████▍ | 284/338 [00:06<00:00, 66.41it/s]Loading weights:  87%|████████▋ | 293/338 [00:06<00:00, 68.66it/s]Loading weights:  90%|█████████ | 305/338 [00:06<00:00, 78.74it/s]Loading weights:  97%|█████████▋| 327/338 [00:06<00:00, 104.74it/s]Loading weights: 100%|██████████| 338/338 [00:06<00:00, 50.52it/s] 
{
  "timestamp": "2026-10-02T20:46:54.879+00:00",
  "passed": true,
  "base": "models/base",
  "adapter_sha256": "31ac804ecb3a870878f0ea7b01186bb665619111c8863f299a49610fa13ec200",
  "initial_sha256": "9652e9df8de43381bdbf679db1eee5db792bd3340f674c0a15147bb8050a20ff",
  "data_sha256": "0c83c1211eba5bb8f175f8140a2efe38d16e9a3dec30266ef0fffbe9ad7d1b91",
  "ordinary_peft_reload_exact": true,
  "warnings": [],
  "functional_change": {
    "passed": true,
    "baseline_repeat_noise": 0.0,
    "threshold": 0.0001,
    "changed_probes": 100,
    "max_token_logp_delta": 11.114863395690918,
    "per_probe_max_delta": [
      6.3256919384002686,
      5.83761739730835,
      5.968071222305298,
      4.837368488311768,
      5.299446105957031,
      5.8486104011535645,
      5.965711832046509,
      3.7888890504837036,
      4.802856504917145,
      7.138190031051636,
      2.821295738220215,
      4.725602030754089,
      4.285462856292725,
      9.180256843566895,
      4.782286822795868,
      4.81870698928833,
      6.251730918884277,
      4.062465667724609,
      5.0567708015441895,
      5.206008672714233,
      4.242804527282715,
      3.604907989501953,
      6.2941179275512695,
      4.42014217376709,
      5.095393657684326,
      6.150167226791382,
      2.7537927627563477,
      4.745548725128174,
      4.270009875297546,
      5.938637018203735,
      4.475093841552734,
      5.3364808559417725,
      4.911375463008881,
      9.528838634490967,
      6.247175216674805,
      5.848728895187378,
      4.198876857757568,
      6.110876083374023,
      2.743107795715332,
      5.726135015487671,
      3.3373467922210693,
      6.210852146148682,
      6.2581071853637695,
      4.946137428283691,
      10.626943588256836,
      2.65106201171875,
      3.664467990398407,
      5.04464054107666,
      4.217094898223877,
      4.723948001861572,
      7.497161865234375,
      6.053961277008057,
      5.083524227142334,
      3.501145601272583,
      6.02599835395813,
      4.825435400009155,
      3.2044612169265747,
      5.146884918212891,
      5.07969856262207,
      6.308623313903809,
      3.313656806945801,
      11.114863395690918,
      4.931097030639648,
      8.73554801940918,
      6.115202903747559,
      9.770388126373291,
      5.124414682388306,
      7.20885157585144,
      2.7306923866271973,
      5.099614143371582,
      10.043977737426758,
      10.017468929290771,
      3.5064330101013184,
      3.4879510402679443,
      3.9376678466796875,
      8.127397298812866,
      6.432099342346191,
      5.084021747112274,
      4.1792216300964355,
      6.884148597717285,
      4.941646337509155,
      4.183259010314941,
      6.255043029785156,
      2.7087936401367188,
      2.7323827743530273,
      10.846621990203857,
      2.72377872467041,
      5.133179664611816,
      4.801991939544678,
      4.284611701965332,
      5.648582458496094,
      3.184533476829529,
      2.7176294326782227,
      6.641714334487915,
      5.046585440635681,
      9.63416051864624,
      3.7299734354019165,
      4.404952049255371,
      10.132097721099854,
      6.371496200561523
    ]
  },
  "adapter_disabled_restores_base": true,
  "base_accuracy_sum": 0.87,
  "tuned_accuracy_sum": 1.0,
  "base_accuracy_mean": 0.9,
  "tuned_accuracy_mean": 1.0,
  "misses": [
    "Wrong preference labels",
    "Memorization and production regressions",
    "Wrong-but-nonzero streamed gradients (separate parity test required)",
    "Rare prompts or deployments not represented by these probes"
  ]
}
