2026-10-02T20:14:30.033+00:00 accelerate==1.15.0
2026-10-02T20:14:30.033+00:00 aiohappyeyeballs==2.7.1
2026-10-02T20:14:30.033+00:00 aiohttp==3.14.3
2026-10-02T20:14:30.033+00:00 aiosignal==1.4.0
2026-10-02T20:14:30.033+00:00 annotated-types==0.8.0
2026-10-02T20:14:30.033+00:00 anyio==4.15.1
2026-10-02T20:14:30.033+00:00 attrs==26.1.0
2026-10-02T20:14:30.033+00:00 bitsandbytes==0.50.2
2026-10-02T20:14:30.033+00:00 certifi==2026.7.22
2026-10-02T20:14:30.033+00:00 charset-normalizer==3.5.2
2026-10-02T20:14:30.033+00:00 click==8.5.0
2026-10-02T20:14:30.033+00:00 datasets==5.0.1
2026-10-02T20:14:30.033+00:00 dill==0.4.1
2026-10-02T20:14:30.033+00:00 filelock==4.0.9
2026-10-02T20:14:30.033+00:00 frozenlist==1.8.0
2026-10-02T20:14:30.033+00:00 fsspec==2026.6.0
2026-10-02T20:14:30.033+00:00 h11==0.16.0
2026-10-02T20:14:30.033+00:00 hf-xet==1.6.0
2026-10-02T20:14:30.033+00:00 httpcore==1.0.9
2026-10-02T20:14:30.033+00:00 httpx==0.28.1
2026-10-02T20:14:30.033+00:00 huggingface_hub==1.33.0
2026-10-02T20:14:30.033+00:00 idna==3.20
2026-10-02T20:14:30.033+00:00 iniconfig==2.3.0
2026-10-02T20:14:30.033+00:00 Jinja2==3.1.6
2026-10-02T20:14:30.033+00:00 markdown-it-py==4.2.0
2026-10-02T20:14:30.033+00:00 MarkupSafe==3.0.3
2026-10-02T20:14:30.033+00:00 mdurl==0.1.2
2026-10-02T20:14:30.033+00:00 mpmath==1.3.0
2026-10-02T20:14:30.033+00:00 multidict==6.9.1
2026-10-02T20:14:30.033+00:00 multiprocess==0.70.19
2026-10-02T20:14:30.033+00:00 networkx==3.6.1
2026-10-02T20:14:30.033+00:00 numpy==2.4.6
2026-10-02T20:14:30.033+00:00 nvidia-cublas-cu12==12.4.5.8
2026-10-02T20:14:30.033+00:00 nvidia-cuda-cupti-cu12==12.4.127
2026-10-02T20:14:30.034+00:00 nvidia-cuda-nvrtc-cu12==12.4.127
2026-10-02T20:14:30.034+00:00 nvidia-cuda-runtime-cu12==12.4.127
2026-10-02T20:14:30.034+00:00 nvidia-cudnn-cu12==9.1.0.70
2026-10-02T20:14:30.034+00:00 nvidia-cufft-cu12==11.2.1.3
2026-10-02T20:14:30.034+00:00 nvidia-curand-cu12==10.3.5.147
2026-10-02T20:14:30.034+00:00 nvidia-cusolver-cu12==11.6.1.9
2026-10-02T20:14:30.034+00:00 nvidia-cusparse-cu12==12.3.1.170
2026-10-02T20:14:30.034+00:00 nvidia-cusparselt-cu12==0.6.2
2026-10-02T20:14:30.034+00:00 nvidia-nccl-cu12==2.21.5
2026-10-02T20:14:30.034+00:00 nvidia-nvjitlink-cu12==12.4.127
2026-10-02T20:14:30.034+00:00 nvidia-nvtx-cu12==12.4.127
2026-10-02T20:14:30.034+00:00 packaging==26.3
2026-10-02T20:14:30.034+00:00 pandas==3.0.6
2026-10-02T20:14:30.034+00:00 peft==0.20.0
2026-10-02T20:14:30.034+00:00 pillow==12.3.0
2026-10-02T20:14:30.034+00:00 plotext==6.1.0
2026-10-02T20:14:30.034+00:00 pluggy==1.6.0
2026-10-02T20:14:30.034+00:00 propcache==0.5.4
2026-10-02T20:14:30.034+00:00 psutil==7.2.2
2026-10-02T20:14:30.034+00:00 pyarrow==25.0.1
2026-10-02T20:14:30.034+00:00 pydantic==2.13.5
2026-10-02T20:14:30.034+00:00 pydantic_core==2.46.5
2026-10-02T20:14:30.034+00:00 Pygments==2.21.0
2026-10-02T20:14:30.034+00:00 pypdf==6.19.0
2026-10-02T20:14:30.034+00:00 pytest==9.1.1
2026-10-02T20:14:30.034+00:00 python-dateutil==2.9.0.post0
2026-10-02T20:14:30.034+00:00 PyYAML==6.0.3
2026-10-02T20:14:30.034+00:00 regex==2026.9.29
2026-10-02T20:14:30.034+00:00 reportlab==5.0.1
2026-10-02T20:14:30.034+00:00 requests==2.34.2
2026-10-02T20:14:30.034+00:00 rich==15.0.0
2026-10-02T20:14:30.034+00:00 ruff==0.16.10
2026-10-02T20:14:30.034+00:00 safetensors==0.8.0
2026-10-02T20:14:30.034+00:00 shellingham==1.5.4
2026-10-02T20:14:30.034+00:00 six==1.17.0
2026-10-02T20:14:30.034+00:00 soup-cli==0.75.2
2026-10-02T20:14:30.034+00:00 sympy==1.13.1
2026-10-02T20:14:30.034+00:00 tokenizers==0.23.2
2026-10-02T20:14:30.034+00:00 torch==2.6.0+cu124
2026-10-02T20:14:30.034+00:00 tqdm==4.70.1
2026-10-02T20:14:30.034+00:00 transformers==5.16.1
2026-10-02T20:14:30.034+00:00 triton==3.2.0
2026-10-02T20:14:30.034+00:00 trl==0.29.0
2026-10-02T20:14:30.034+00:00 typer==0.20.1
2026-10-02T20:14:30.034+00:00 typing-inspection==0.4.4
2026-10-02T20:14:30.034+00:00 typing_extensions==4.16.0
2026-10-02T20:14:30.034+00:00 urllib3==2.8.0
2026-10-02T20:14:30.034+00:00 xxhash==4.0.1
2026-10-02T20:14:30.034+00:00 yarl==1.25.1
